**********************
Windows PowerShell transcript start
Start time: 20260513234652
Username: DESKTOP-KE1CJ8I\Brian
RunAs User: DESKTOP-KE1CJ8I\Brian
Configuration Name: 
Machine: DESKTOP-KE1CJ8I (Microsoft Windows NT 10.0.26200.0)
Host Application: C:\WINDOWS\System32\WindowsPowerShell\v1.0\powershell.exe
Process ID: 21904
PSVersion: 5.1.26100.8328
PSEdition: Desktop
PSCompatibleVersions: 1.0, 2.0, 3.0, 4.0, 5.0, 5.1.26100.8328
BuildVersion: 10.0.26100.8328
CLRVersion: 4.0.30319.42000
WSManStackVersion: 3.0
PSRemotingProtocolVersion: 2.3
SerializationVersion: 1.1.0.1
**********************
Transcript started, output file is C:\Dev\Nexus_MASTER\logs\intelligence_layers\L02_NJ_jersey_city_nj_20260513_234651.log
PS C:\Dev\Nexus_MASTER> Stop-Transcript
**********************
Windows PowerShell transcript end
End time: 20260513234715
**********************
